00:00 +0: loading C:/SystemWebMedias3.0/test/core/utils/validators_test.dart
00:00 +0: C:/SystemWebMedias3.0/test/core/utils/validators_test.dart: Validators email should return null for valid email
00:00 +1: C:/SystemWebMedias3.0/test/core/utils/validators_test.dart: Validators email should return error message for empty email
00:00 +2: C:/SystemWebMedias3.0/test/core/utils/validators_test.dart: Validators email should return error message for invalid email format
00:00 +3: C:/SystemWebMedias3.0/test/core/utils/validators_test.dart: Validators required should return null for non-empty value
00:00 +4: C:/SystemWebMedias3.0/test/core/utils/validators_test.dart: Validators required should return custom error message for empty value
00:00 +5: C:/SystemWebMedias3.0/test/core/utils/validators_test.dart: Validators required should work with different error messages
00:00 +6: C:/SystemWebMedias3.0/test/core/utils/validators_test.dart: Validators minLength should return null when value meets minimum length
00:00 +7: C:/SystemWebMedias3.0/test/core/utils/validators_test.dart: Validators minLength should return error when value is too short
00:00 +8: C:/SystemWebMedias3.0/test/core/utils/validators_test.dart: Validators minLength should return error when value is null
00:00 +9: C:/SystemWebMedias3.0/test/core/utils/validators_test.dart: Validators maxLength should return null when value is within max length
00:00 +10: C:/SystemWebMedias3.0/test/core/utils/validators_test.dart: Validators maxLength should return error when value exceeds max length
00:00 +11: C:/SystemWebMedias3.0/test/features/auth/data/models/audit_log_model_test.dart: AuditLogModel should parse from JSON with all fields
00:00 +12: C:/SystemWebMedias3.0/test/features/auth/data/models/audit_log_model_test.dart: AuditLogModel should parse from JSON with minimal fields
00:00 +13: C:/SystemWebMedias3.0/test/features/auth/data/models/audit_log_model_test.dart: AuditLogModel should parse different event types correctly
00:00 +14: C:/SystemWebMedias3.0/test/features/auth/data/models/audit_log_model_test.dart: AuditLogModel should support equality comparison
00:00 +15: C:/SystemWebMedias3.0/test/features/auth/data/models/auth_state_model_test.dart: AuthStateModel fromJson should parse correctly
00:00 +16: C:/SystemWebMedias3.0/test/features/auth/data/models/auth_state_model_test.dart: AuthStateModel toJson should serialize correctly
00:00 +17: C:/SystemWebMedias3.0/test/features/auth/data/models/auth_state_model_test.dart: AuthStateModel isExpired should return false for future expiration
00:00 +18: C:/SystemWebMedias3.0/test/features/auth/data/models/auth_state_model_test.dart: AuthStateModel isExpired should return true for past expiration
00:00 +19: C:/SystemWebMedias3.0/test/features/auth/data/models/auth_state_model_test.dart: AuthStateModel isExpired should return true for exact now (edge case)
00:00 +20: C:/SystemWebMedias3.0/test/features/auth/data/models/auth_state_model_test.dart: AuthStateModel should support Equatable equality
00:00 +21: C:/SystemWebMedias3.0/test/features/auth/data/models/inactivity_status_model_test.dart: InactivityStatusModel should parse from JSON when user is inactive
00:00 +22: C:/SystemWebMedias3.0/test/features/auth/data/models/inactivity_status_model_test.dart: InactivityStatusModel should parse from JSON when warning should be shown
00:00 +23: C:/SystemWebMedias3.0/test/features/auth/data/models/inactivity_status_model_test.dart: InactivityStatusModel should parse from JSON when user is active
00:00 +24: C:/SystemWebMedias3.0/test/features/auth/data/models/inactivity_status_model_test.dart: InactivityStatusModel should support equality comparison
00:00 +25: C:/SystemWebMedias3.0/test/features/auth/data/models/login_request_model_test.dart: LoginRequestModel toJson should map fields correctly to PostgreSQL params
00:00 +26: C:/SystemWebMedias3.0/test/features/auth/data/models/login_request_model_test.dart: LoginRequestModel toJson should use default rememberMe false when not provided
00:00 +27: C:/SystemWebMedias3.0/test/features/auth/data/models/login_request_model_test.dart: LoginRequestModel toJson should handle rememberMe false explicitly
00:01 +28: C:/SystemWebMedias3.0/test/features/auth/data/models/login_response_model_test.dart: LoginResponseModel fromJson should parse correctly
00:01 +29: C:/SystemWebMedias3.0/test/features/auth/data/models/login_response_model_test.dart: LoginResponseModel toJson should serialize correctly
00:01 +30: C:/SystemWebMedias3.0/test/features/auth/data/models/login_response_model_test.dart: LoginResponseModel should support Equatable equality
00:01 +31: C:/SystemWebMedias3.0/test/features/auth/data/models/login_response_model_test.dart: LoginResponseModel should detect inequality when token differs
00:01 +32: C:/SystemWebMedias3.0/test/features/auth/data/models/login_response_model_test.dart: LoginResponseModel fromJson should handle missing token (backend actual)
00:01 +33: C:/SystemWebMedias3.0/test/features/auth/data/models/login_response_model_test.dart: LoginResponseModel toJson should omit token when null
00:01 +34: C:/SystemWebMedias3.0/test/features/auth/data/models/logout_request_model_test.dart: LogoutRequestModel should create instance with required fields
00:01 +35: C:/SystemWebMedias3.0/test/features/auth/data/models/logout_request_model_test.dart: LogoutRequestModel should create instance with all fields
00:01 +36: C:/SystemWebMedias3.0/test/features/auth/data/models/logout_request_model_test.dart: LogoutRequestModel should convert to JSON with correct mapping (snake_case)
00:01 +37: C:/SystemWebMedias3.0/test/features/auth/data/models/logout_request_model_test.dart: LogoutRequestModel should convert duration to seconds correctly
00:01 +38: C:/SystemWebMedias3.0/test/features/auth/data/models/logout_request_model_test.dart: LogoutRequestModel should support equality comparison
00:01 +39: C:/SystemWebMedias3.0/test/features/auth/data/models/logout_response_model_test.dart: LogoutResponseModel should parse from JSON correctly with snake_case mapping
00:01 +40: C:/SystemWebMedias3.0/test/features/auth/data/models/logout_response_model_test.dart: LogoutResponseModel should parse inactivity logout correctly
00:01 +41: C:/SystemWebMedias3.0/test/features/auth/data/models/logout_response_model_test.dart: LogoutResponseModel should parse token_expired logout correctly
00:01 +42: C:/SystemWebMedias3.0/test/features/auth/data/models/logout_response_model_test.dart: LogoutResponseModel should support equality comparison
00:01 +43: C:/SystemWebMedias3.0/test/features/auth/data/models/token_blacklist_check_model_test.dart: TokenBlacklistCheckModel should parse from JSON when token is blacklisted
00:01 +44: C:/SystemWebMedias3.0/test/features/auth/data/models/token_blacklist_check_model_test.dart: TokenBlacklistCheckModel should parse from JSON when token is NOT blacklisted
00:01 +45: C:/SystemWebMedias3.0/test/features/auth/data/models/token_blacklist_check_model_test.dart: TokenBlacklistCheckModel should parse different blacklist reasons correctly
00:01 +46: C:/SystemWebMedias3.0/test/features/auth/data/models/token_blacklist_check_model_test.dart: TokenBlacklistCheckModel should support equality comparison
00:02 +47: C:/SystemWebMedias3.0/test/features/auth/data/repositories/auth_repository_impl_test.dart: (setUpAll)
00:02 +47: C:/SystemWebMedias3.0/test/features/auth/data/repositories/auth_repository_impl_test.dart: HU-003: logoutSecure should return LogoutResponseModel when logout is successful
00:02 +48: C:/SystemWebMedias3.0/test/features/auth/data/repositories/auth_repository_impl_test.dart: HU-003: logoutSecure should return TokenBlacklistedFailure when TokenBlacklistedException is thrown
00:02 +49: C:/SystemWebMedias3.0/test/features/auth/data/repositories/auth_repository_impl_test.dart: HU-003: logoutSecure should return AlreadyLoggedOutFailure when AlreadyLoggedOutException is thrown
00:02 +50: C:/SystemWebMedias3.0/test/features/auth/data/repositories/auth_repository_impl_test.dart: HU-003: logoutSecure should return ValidationFailure when ValidationException is thrown
00:02 +51: C:/SystemWebMedias3.0/test/features/auth/data/repositories/auth_repository_impl_test.dart: HU-003: logoutSecure should return ConnectionFailure when NetworkException is thrown
00:02 +52: C:/SystemWebMedias3.0/test/features/auth/data/repositories/auth_repository_impl_test.dart: HU-003: logoutSecure should return ServerFailure when ServerException is thrown
00:02 +53: C:/SystemWebMedias3.0/test/features/auth/data/repositories/auth_repository_impl_test.dart: HU-003: checkTokenBlacklist should return TokenBlacklistCheckModel when check is successful
00:02 +54: C:/SystemWebMedias3.0/test/features/auth/data/repositories/auth_repository_impl_test.dart: HU-003: checkTokenBlacklist should return ValidationFailure when ValidationException is thrown
00:02 +55: C:/SystemWebMedias3.0/test/features/auth/data/repositories/auth_repository_impl_test.dart: HU-003: checkTokenBlacklist should return ConnectionFailure when NetworkException is thrown
00:02 +56: C:/SystemWebMedias3.0/test/features/auth/data/repositories/auth_repository_impl_test.dart: HU-003: checkInactivity should return InactivityStatusModel when check is successful
00:02 +57: C:/SystemWebMedias3.0/test/features/auth/data/repositories/auth_repository_impl_test.dart: HU-003: checkInactivity should return UserNotFoundFailure when UserNotFoundException is thrown
00:02 +58: C:/SystemWebMedias3.0/test/features/auth/data/repositories/auth_repository_impl_test.dart: HU-003: checkInactivity should return ValidationFailure when ValidationException is thrown
00:02 +59: C:/SystemWebMedias3.0/test/features/auth/data/repositories/auth_repository_impl_test.dart: HU-003: updateUserActivity should return Right(null) when update is successful
00:02 +60: C:/SystemWebMedias3.0/test/features/auth/data/repositories/auth_repository_impl_test.dart: HU-003: updateUserActivity should return UserNotFoundFailure when UserNotFoundException is thrown
00:02 +61: C:/SystemWebMedias3.0/test/features/auth/data/repositories/auth_repository_impl_test.dart: HU-003: updateUserActivity should return ValidationFailure when ValidationException is thrown
00:02 +62: C:/SystemWebMedias3.0/test/features/auth/data/repositories/auth_repository_impl_test.dart: HU-003: updateUserActivity should return ConnectionFailure when NetworkException is thrown
00:02 +63: C:/SystemWebMedias3.0/test/features/auth/data/repositories/auth_repository_impl_test.dart: HU-003: updateUserActivity should return ServerFailure when ServerException is thrown
00:02 +64: C:/SystemWebMedias3.0/test/features/auth/data/repositories/auth_repository_impl_test.dart: (tearDownAll)
00:02 +64: C:/SystemWebMedias3.0/test/features/auth/domain/services/inactivity_timer_service_test.dart: InactivityTimerService should create instance with callbacks
00:02 +65: C:/SystemWebMedias3.0/test/features/auth/domain/services/inactivity_timer_service_test.dart: InactivityTimerService should start timer when startTimer is called
00:02 +66: C:/SystemWebMedias3.0/test/features/auth/domain/services/inactivity_timer_service_test.dart: InactivityTimerService should reset timer when resetTimer is called
00:02 +67: C:/SystemWebMedias3.0/test/features/auth/domain/services/inactivity_timer_service_test.dart: InactivityTimerService should stop timer when stopTimer is called
00:02 +68: C:/SystemWebMedias3.0/test/features/auth/presentation/widgets/inactivity_warning_dialog_test.dart: InactivityWarningDialog should show inactivity warning dialog
00:02 +69: C:/SystemWebMedias3.0/test/features/auth/presentation/widgets/inactivity_warning_dialog_test.dart: InactivityWarningDialog should show inactivity warning dialog
00:02 +70: C:/SystemWebMedias3.0/test/features/auth/presentation/widgets/inactivity_warning_dialog_test.dart: InactivityWarningDialog should show inactivity warning dialog
00:02 +71: C:/SystemWebMedias3.0/test/features/auth/presentation/widgets/inactivity_warning_dialog_test.dart: InactivityWarningDialog should show inactivity warning dialog
00:03 +72: C:/SystemWebMedias3.0/test/features/auth/presentation/widgets/login_form_test.dart: LoginForm Widget Tests CA-001: should show all form elements
00:03 +73: C:/SystemWebMedias3.0/test/features/auth/presentation/widgets/login_form_test.dart: LoginForm Widget Tests CA-001: should show all form elements
00:03 +74: C:/SystemWebMedias3.0/test/features/auth/presentation/widgets/login_form_test.dart: LoginForm Widget Tests CA-001: should show all form elements
00:03 +75: C:/SystemWebMedias3.0/test/features/auth/presentation/widgets/login_form_test.dart: LoginForm Widget Tests CA-001: should show all form elements
00:03 +76: C:/SystemWebMedias3.0/test/features/auth/presentation/widgets/login_form_test.dart: LoginForm Widget Tests CA-001: should show all form elements
00:03 +77: C:/SystemWebMedias3.0/test/features/auth/presentation/widgets/login_form_test.dart: LoginForm Widget Tests CA-001: should show all form elements
00:03 +78: C:/SystemWebMedias3.0/test/features/auth/presentation/widgets/login_form_test.dart: LoginForm Widget Tests CA-001: should show all form elements
00:03 +79: C:/SystemWebMedias3.0/test/features/auth/presentation/widgets/login_form_test.dart: LoginForm Widget Tests CA-001: should show all form elements
00:03 +80: C:/SystemWebMedias3.0/test/features/auth/presentation/widgets/login_form_test.dart: LoginForm Widget Tests CA-001: should show all form elements
00:03 +81: C:/SystemWebMedias3.0/test/features/auth/presentation/widgets/login_form_test.dart: LoginForm Widget Tests CA-001: should show all form elements
00:03 +82: C:/SystemWebMedias3.0/test/features/auth/presentation/widgets/login_form_test.dart: LoginForm Widget Tests CA-001: should show all form elements
00:03 +83: C:/SystemWebMedias3.0/test/features/auth/presentation/widgets/login_form_test.dart: LoginForm Widget Tests CA-001: should show all form elements
00:03 +84: C:/SystemWebMedias3.0/test/features/auth/presentation/widgets/login_form_test.dart: LoginForm Widget Tests CA-001: should show all form elements
00:04 +85: C:/SystemWebMedias3.0/test/features/auth/presentation/widgets/logout_confirmation_dialog_test.dart: LogoutConfirmationDialog Widget Tests should render dialog with correct content
00:04 +86: C:/SystemWebMedias3.0/test/features/auth/presentation/widgets/user_menu_dropdown_test.dart: UserMenuDropdown should display user name and role in desktop mode
00:04 +87: C:/SystemWebMedias3.0/test/features/auth/presentation/widgets/user_menu_dropdown_test.dart: UserMenuDropdown should display user name and role in desktop mode
00:04 +88: C:/SystemWebMedias3.0/test/features/auth/presentation/widgets/login_form_test.dart: LoginForm Widget Tests CA-002: should validate empty email
00:04 +89: C:/SystemWebMedias3.0/test/features/auth/presentation/widgets/login_form_test.dart: LoginForm Widget Tests CA-002: should validate empty email
00:04 +90: C:/SystemWebMedias3.0/test/features/auth/presentation/widgets/login_form_test.dart: LoginForm Widget Tests CA-002: should validate empty email
00:04 +91: C:/SystemWebMedias3.0/test/features/auth/presentation/widgets/login_form_test.dart: LoginForm Widget Tests CA-002: should validate empty email
00:04 +92: C:/SystemWebMedias3.0/test/features/auth/presentation/widgets/login_form_test.dart: LoginForm Widget Tests CA-002: should validate empty email
00:04 +93: C:/SystemWebMedias3.0/test/features/auth/presentation/widgets/login_form_test.dart: LoginForm Widget Tests CA-002: should validate empty email
00:04 +94: C:/SystemWebMedias3.0/test/features/auth/presentation/widgets/login_form_test.dart: LoginForm Widget Tests CA-002: should validate empty email
00:04 +95: C:/SystemWebMedias3.0/test/features/auth/presentation/widgets/logout_confirmation_dialog_test.dart: LogoutConfirmationDialog Widget Tests should call onConfirm and close dialog when confirm button is pressed
00:04 +96: C:/SystemWebMedias3.0/test/features/auth/presentation/widgets/user_menu_dropdown_test.dart: UserMenuDropdown should show popup menu when tapped
00:04 +97: C:/SystemWebMedias3.0/test/features/auth/presentation/widgets/user_menu_dropdown_test.dart: UserMenuDropdown should show popup menu when tapped
00:04 +98: C:/SystemWebMedias3.0/test/features/auth/presentation/widgets/user_menu_dropdown_test.dart: UserMenuDropdown should show popup menu when tapped
00:04 +99: C:/SystemWebMedias3.0/test/features/auth/presentation/widgets/user_menu_dropdown_test.dart: UserMenuDropdown should show popup menu when tapped
00:04 +100: C:/SystemWebMedias3.0/test/features/auth/presentation/widgets/user_menu_dropdown_test.dart: UserMenuDropdown should show popup menu when tapped
00:04 +101: C:/SystemWebMedias3.0/test/features/auth/presentation/widgets/user_menu_dropdown_test.dart: UserMenuDropdown should show popup menu when tapped
00:04 +102: C:/SystemWebMedias3.0/test/features/auth/presentation/widgets/user_menu_dropdown_test.dart: UserMenuDropdown should show popup menu when tapped
00:04 +103: C:/SystemWebMedias3.0/test/features/auth/presentation/widgets/user_menu_dropdown_test.dart: UserMenuDropdown should show popup menu when tapped
00:04 +104: C:/SystemWebMedias3.0/test/features/auth/presentation/widgets/login_form_test.dart: LoginForm Widget Tests CA-002: should validate invalid email format
00:04 +105: C:/SystemWebMedias3.0/test/features/auth/presentation/widgets/user_menu_dropdown_test.dart: UserMenuDropdown should call onLogoutPressed when logout item selected
00:04 +106: C:/SystemWebMedias3.0/test/features/auth/presentation/widgets/user_menu_dropdown_test.dart: UserMenuDropdown should call onLogoutPressed when logout item selected
00:04 +107: C:/SystemWebMedias3.0/test/features/auth/presentation/widgets/user_menu_dropdown_test.dart: UserMenuDropdown should call onLogoutPressed when logout item selected
00:04 +108: C:/SystemWebMedias3.0/test/features/auth/presentation/widgets/login_form_test.dart: LoginForm Widget Tests should toggle remember me checkbox
00:04 +109: C:/SystemWebMedias3.0/test/features/auth/presentation/widgets/user_menu_dropdown_test.dart: UserMenuDropdown should call onProfilePressed when profile item selected
00:05 +110: C:/SystemWebMedias3.0/test/features/auth/presentation/widgets/login_form_test.dart: LoginForm Widget Tests should show loading indicator when AuthLoading
00:05 +111: C:/SystemWebMedias3.0/test/features/auth/presentation/widgets/user_menu_dropdown_test.dart: UserMenuDropdown should display only avatar in mobile mode
00:05 +112: C:/SystemWebMedias3.0/test/features/auth/presentation/widgets/login_form_test.dart: LoginForm Widget Tests should disable form fields when loading
00:05 +113: C:/SystemWebMedias3.0/test/features/auth/presentation/widgets/user_menu_dropdown_test.dart: UserMenuDropdown should show divider before logout option
00:05 +114: C:/SystemWebMedias3.0/test/features/auth/presentation/widgets/user_menu_dropdown_test.dart: UserMenuDropdown should not show profile/settings if callbacks not provided
00:05 +115: C:/SystemWebMedias3.0/test/features/dashboard/presentation/bloc/dashboard_bloc_test.dart: initial state should be DashboardInitial
00:05 +116: C:/SystemWebMedias3.0/test/features/dashboard/presentation/bloc/dashboard_bloc_test.dart: LoadDashboard should emit [DashboardLoading, DashboardLoaded] when all data loads successfully
00:05 +117: C:/SystemWebMedias3.0/test/features/dashboard/presentation/bloc/dashboard_bloc_test.dart: LoadDashboard should emit [DashboardLoading, DashboardError] when getMetrics fails
00:05 +118: C:/SystemWebMedias3.0/test/features/dashboard/presentation/bloc/dashboard_bloc_test.dart: RefreshDashboard should emit updated DashboardLoaded when refresh is successful
00:05 +119: C:/SystemWebMedias3.0/test/features/dashboard/presentation/bloc/dashboard_bloc_test.dart: RefreshDashboard should maintain current state when refresh fails
00:05 +120: C:/SystemWebMedias3.0/test/features/home/presentation/pages/home_page_test.dart: HomePage Widget Tests should display user info when authenticated
00:05 +121: C:/SystemWebMedias3.0/test/features/home/presentation/pages/home_page_test.dart: HomePage Widget Tests should display user info when authenticated
00:05 +122: C:/SystemWebMedias3.0/test/features/home/presentation/pages/home_page_test.dart: HomePage Widget Tests should display user info when authenticated
00:05 +123: C:/SystemWebMedias3.0/test/features/home/presentation/pages/home_page_test.dart: HomePage Widget Tests should display user info when authenticated
00:05 +124: C:/SystemWebMedias3.0/test/features/home/presentation/pages/home_page_test.dart: HomePage Widget Tests should display user info when authenticated
00:05 +125: C:/SystemWebMedias3.0/test/features/home/presentation/pages/home_page_test.dart: HomePage Widget Tests should display user info when authenticated
00:05 +126: C:/SystemWebMedias3.0/test/features/home/presentation/pages/home_page_test.dart: HomePage Widget Tests should display user info when authenticated
00:05 +127: C:/SystemWebMedias3.0/test/features/home/presentation/pages/home_page_test.dart: HomePage Widget Tests should display user info when authenticated
00:05 +128: C:/SystemWebMedias3.0/test/features/home/presentation/pages/home_page_test.dart: HomePage Widget Tests should display user info when authenticated
00:05 +129: C:/SystemWebMedias3.0/test/features/home/presentation/pages/home_page_test.dart: HomePage Widget Tests should display user info when authenticated
00:05 +130: C:/SystemWebMedias3.0/test/features/home/presentation/pages/home_page_test.dart: HomePage Widget Tests should display user info when authenticated
00:05 +131: C:/SystemWebMedias3.0/test/features/home/presentation/pages/home_page_test.dart: HomePage Widget Tests should display user info when authenticated
00:05 +132: C:/SystemWebMedias3.0/test/features/home/presentation/pages/home_page_test.dart: HomePage Widget Tests should display user info when authenticated
00:05 +133: C:/SystemWebMedias3.0/test/features/home/presentation/pages/home_page_test.dart: HomePage Widget Tests should display user info when authenticated
00:05 +134: C:/SystemWebMedias3.0/test/features/home/presentation/pages/home_page_test.dart: HomePage Widget Tests should display user info when authenticated
00:06 +135: C:/SystemWebMedias3.0/test/features/home/presentation/pages/home_page_test.dart: HomePage Widget Tests should display user info when authenticated
00:06 +136: C:/SystemWebMedias3.0/test/features/home/presentation/pages/home_page_test.dart: HomePage Widget Tests should display user info when authenticated
00:06 +137: C:/SystemWebMedias3.0/test/features/home/presentation/pages/home_page_test.dart: HomePage Widget Tests should display user info when authenticated
00:06 +138: C:/SystemWebMedias3.0/test/features/home/presentation/pages/home_page_test.dart: HomePage Widget Tests should display user info when authenticated
00:06 +139: C:/SystemWebMedias3.0/test/features/home/presentation/pages/home_page_test.dart: HomePage Widget Tests should display user info when authenticated
00:06 +140: C:/SystemWebMedias3.0/test/features/home/presentation/pages/home_page_test.dart: HomePage Widget Tests should display user info when authenticated
00:06 +141: C:/SystemWebMedias3.0/test/features/home/presentation/pages/home_page_test.dart: HomePage Widget Tests should display user info when authenticated
00:06 +142: C:/SystemWebMedias3.0/test/features/home/presentation/pages/home_page_test.dart: HomePage Widget Tests should display user info when authenticated
00:06 +143: C:/SystemWebMedias3.0/test/features/menu/domain/usecases/update_sidebar_preference_test.dart: UpdateSidebarPreference should return NotFoundFailure when user not found
00:06 +144: C:/SystemWebMedias3.0/test/features/menu/domain/usecases/update_sidebar_preference_test.dart: UpdateSidebarPreferenceParams should have correct props
00:06 +145: C:/SystemWebMedias3.0/test/features/home/presentation/pages/home_page_test.dart: HomePage Widget Tests should show logout button in AppBar
00:06 +146: C:/SystemWebMedias3.0/test/features/home/presentation/pages/home_page_test.dart: HomePage Widget Tests should dispatch LogoutRequested when logout button tapped
00:06 +147: C:/SystemWebMedias3.0/test/features/home/presentation/pages/home_page_test.dart: HomePage Widget Tests should dispatch LogoutRequested when logout button tapped
00:06 +148: C:/SystemWebMedias3.0/test/features/home/presentation/pages/home_page_test.dart: HomePage Widget Tests should dispatch LogoutRequested when logout button tapped
00:06 +149: C:/SystemWebMedias3.0/test/features/home/presentation/pages/home_page_test.dart: HomePage Widget Tests should dispatch LogoutRequested when logout button tapped
00:06 +150: C:/SystemWebMedias3.0/test/features/menu/presentation/bloc/menu_bloc_test.dart: MenuBloc LoadMenuEvent should emit [MenuLoading, MenuError] when user not found
00:06 +151: C:/SystemWebMedias3.0/test/features/home/presentation/pages/home_page_test.dart: HomePage Widget Tests should show loading indicator when not authenticated
00:06 +152: C:/SystemWebMedias3.0/test/features/home/presentation/pages/home_page_test.dart: HomePage Widget Tests should show loading indicator when not authenticated
00:06 +153: C:/SystemWebMedias3.0/test/features/home/presentation/pages/home_page_test.dart: HomePage Widget Tests should show loading indicator when not authenticated
00:06 +154: C:/SystemWebMedias3.0/test/features/home/presentation/pages/home_page_test.dart: HomePage Widget Tests should show loading indicator when not authenticated
00:06 +155: C:/SystemWebMedias3.0/test/features/home/presentation/pages/home_page_test.dart: HomePage Widget Tests should show loading indicator when not authenticated
00:06 +156: C:/SystemWebMedias3.0/test/features/home/presentation/pages/home_page_test.dart: HomePage Widget Tests should show loading indicator when not authenticated
00:06 +157: C:/SystemWebMedias3.0/test/features/home/presentation/pages/home_page_test.dart: HomePage Widget Tests should show loading indicator when not authenticated
00:06 +158: C:/SystemWebMedias3.0/test/features/home/presentation/pages/home_page_test.dart: HomePage Widget Tests should display all user info fields
00:06 +159: C:/SystemWebMedias3.0/test/features/home/presentation/pages/home_page_test.dart: HomePage Widget Tests should show "Sin asignar" when user has no role
00:06 +160: C:/SystemWebMedias3.0/test/features/home/presentation/pages/home_page_test.dart: HomePage Widget Tests should show "Sin asignar" when user has no role
00:06 +161: C:/SystemWebMedias3.0/test/features/user/data/models/user_profile_model_test.dart: UserProfileModel fromJson should handle avatar_url correctly
00:06 +162: C:/SystemWebMedias3.0/test/features/home/presentation/pages/home_page_test.dart: HomePage Widget Tests should have placeholder text for future features
00:06 +163: C:/SystemWebMedias3.0/test/features/home/presentation/pages/home_page_test.dart: HomePage Widget Tests should have placeholder text for future features
00:06 +164: C:/SystemWebMedias3.0/test/features/home/presentation/pages/home_page_test.dart: HomePage Widget Tests should have placeholder text for future features
00:06 +165: C:/SystemWebMedias3.0/test/features/home/presentation/pages/home_page_test.dart: HomePage Widget Tests should have placeholder text for future features
00:06 +166: C:/SystemWebMedias3.0/test/features/home/presentation/pages/home_page_test.dart: HomePage Widget Tests should have placeholder text for future features
00:06 +167: C:/SystemWebMedias3.0/test/features/home/presentation/pages/home_page_test.dart: HomePage Widget Tests should have placeholder text for future features
00:06 +168: C:/SystemWebMedias3.0/test/features/home/presentation/pages/home_page_test.dart: HomePage Widget Tests should have placeholder text for future features
00:06 +169: C:/SystemWebMedias3.0/test/features/home/presentation/pages/home_page_test.dart: HomePage Widget Tests should have placeholder text for future features
00:06 +170: C:/SystemWebMedias3.0/test/features/home/presentation/pages/home_page_test.dart: HomePage Widget Tests should have placeholder text for future features
00:06 +171: C:/SystemWebMedias3.0/test/features/home/presentation/pages/home_page_test.dart: HomePage Widget Tests should have placeholder text for future features
00:06 +172: C:/SystemWebMedias3.0/test/features/home/presentation/pages/home_page_test.dart: HomePage Widget Tests should have placeholder text for future features
00:06 +173: C:/SystemWebMedias3.0/test/features/home/presentation/pages/home_page_test.dart: HomePage Widget Tests should have placeholder text for future features
00:06 +174: C:/SystemWebMedias3.0/test/features/home/presentation/pages/home_page_test.dart: HomePage Widget Tests should have placeholder text for future features
00:06 +175: C:/SystemWebMedias3.0/test/features/user/data/models/user_profile_model_test.dart: UserProfileModel copyWith should update sidebar_collapsed
00:06 +176: C:/SystemWebMedias3.0/test/shared/design_system/atoms/metric_card_test.dart: MetricCard Widget Tests should display all basic elements correctly
00:07 +177: C:/SystemWebMedias3.0/test/shared/design_system/molecules/breadcrumbs_widget_test.dart: BreadcrumbsWidget Widget Tests should render breadcrumbs correctly
00:07 +178: C:/SystemWebMedias3.0/test/shared/design_system/molecules/breadcrumbs_widget_test.dart: BreadcrumbsWidget Widget Tests should render breadcrumbs correctly
00:07 +179: C:/SystemWebMedias3.0/test/shared/design_system/molecules/breadcrumbs_widget_test.dart: BreadcrumbsWidget Widget Tests should render breadcrumbs correctly
00:07 +180: C:/SystemWebMedias3.0/test/shared/design_system/molecules/breadcrumbs_widget_test.dart: BreadcrumbsWidget Widget Tests should render breadcrumbs correctly
00:07 +181: C:/SystemWebMedias3.0/test/shared/design_system/organisms/app_header_test.dart: AppHeader Widget Tests should render header with correct height
00:07 +182: C:/SystemWebMedias3.0/test/shared/design_system/organisms/app_header_test.dart: AppHeader Widget Tests should render header with correct height
00:07 +183: C:/SystemWebMedias3.0/test/shared/design_system/organisms/app_header_test.dart: AppHeader Widget Tests should render header with correct height
00:07 +184: C:/SystemWebMedias3.0/test/shared/design_system/organisms/app_header_test.dart: AppHeader Widget Tests should render header with correct height
00:07 +185: C:/SystemWebMedias3.0/test/shared/design_system/organisms/app_header_test.dart: AppHeader Widget Tests should render header with correct height
00:08 +186: C:/SystemWebMedias3.0/test/shared/design_system/organisms/app_header_test.dart: AppHeader Widget Tests should render header with correct height
00:08 +187: C:/SystemWebMedias3.0/test/shared/design_system/organisms/app_header_test.dart: AppHeader Widget Tests should render header with correct height
00:08 +188: C:/SystemWebMedias3.0/test/shared/design_system/organisms/app_header_test.dart: AppHeader Widget Tests should render header with correct height
00:08 +189: C:/SystemWebMedias3.0/test/shared/design_system/organisms/app_header_test.dart: AppHeader Widget Tests should render header with correct height
00:08 +190: C:/SystemWebMedias3.0/test/shared/design_system/organisms/app_header_test.dart: AppHeader Widget Tests should render header with correct height
00:08 +191: C:/SystemWebMedias3.0/test/shared/design_system/organisms/app_sidebar_test.dart: AppSidebar Widget Tests should render expanded sidebar with correct width
00:08 +192: C:/SystemWebMedias3.0/test/shared/design_system/organisms/app_sidebar_test.dart: AppSidebar Widget Tests should render expanded sidebar with correct width
00:08 +193: C:/SystemWebMedias3.0/test/shared/design_system/organisms/app_sidebar_test.dart: AppSidebar Widget Tests should render expanded sidebar with correct width
00:08 +194: C:/SystemWebMedias3.0/test/widget_test.dart: Counter increments smoke test
00:08 +195: C:/SystemWebMedias3.0/test/widget_test.dart: Counter increments smoke test
══╡ EXCEPTION CAUGHT BY WIDGETS LIBRARY ╞═══════════════════════════════════════════════════════════
The following StateError was thrown building _FocusInheritedScope:
Bad state: GetIt: Object/factory with type AuthBloc is not registered inside GetIt.
(Did you accidentally do GetIt sl=GetIt.instance(); instead of GetIt sl=GetIt.instance;
Did you forget to register it?)

When the exception was thrown, this was the stack:
#0      throwIfNot (package:get_it/get_it_impl.dart:14:19)
#1      _GetItImplementation._findFactoryByNameAndType (package:get_it/get_it_impl.dart:435:5)
#2      _GetItImplementation.get (package:get_it/get_it_impl.dart:463:29)
#3      _GetItImplementation.call (package:get_it/get_it_impl.dart:554:12)
#4      _MyAppState.initState (package:system_web_medias/main.dart:32:22)
#5      StatefulElement._firstBuild (package:flutter/src/widgets/framework.dart:5852:55)
#6      ComponentElement.mount (package:flutter/src/widgets/framework.dart:5699:5)
#7      Element.inflateWidget (package:flutter/src/widgets/framework.dart:4548:16)
#8      Element.updateChild (package:flutter/src/widgets/framework.dart:3998:20)
#9      ComponentElement.performRebuild (package:flutter/src/widgets/framework.dart:5747:16)
#10     Element.rebuild (package:flutter/src/widgets/framework.dart:5435:7)
#11     ProxyElement.update (package:flutter/src/widgets/framework.dart:6051:5)
#12     _InheritedNotifierElement.update (package:flutter/src/widgets/inherited_notifier.dart:108:11)
#13     Element.updateChild (package:flutter/src/widgets/framework.dart:3982:15)
#14     ComponentElement.performRebuild (package:flutter/src/widgets/framework.dart:5747:16)
#15     StatefulElement.performRebuild (package:flutter/src/widgets/framework.dart:5884:11)
#16     Element.rebuild (package:flutter/src/widgets/framework.dart:5435:7)
#17     StatefulElement.update (package:flutter/src/widgets/framework.dart:5909:5)
#18     Element.updateChild (package:flutter/src/widgets/framework.dart:3982:15)
#19     ComponentElement.performRebuild (package:flutter/src/widgets/framework.dart:5747:16)
#20     Element.rebuild (package:flutter/src/widgets/framework.dart:5435:7)
#21     ProxyElement.update (package:flutter/src/widgets/framework.dart:6051:5)
#22     _InheritedNotifierElement.update (package:flutter/src/widgets/inherited_notifier.dart:108:11)
#23     Element.updateChild (package:flutter/src/widgets/framework.dart:3982:15)
#24     ComponentElement.performRebuild (package:flutter/src/widgets/framework.dart:5747:16)
#25     StatefulElement.performRebuild (package:flutter/src/widgets/framework.dart:5884:11)
#26     Element.rebuild (package:flutter/src/widgets/framework.dart:5435:7)
#27     StatefulElement.update (package:flutter/src/widgets/framework.dart:5909:5)
#28     Element.updateChild (package:flutter/src/widgets/framework.dart:3982:15)
#29     ComponentElement.performRebuild (package:flutter/src/widgets/framework.dart:5747:16)
#30     StatefulElement.performRebuild (package:flutter/src/widgets/framework.dart:5884:11)
#31     Element.rebuild (package:flutter/src/widgets/framework.dart:5435:7)
#32     StatefulElement.update (package:flutter/src/widgets/framework.dart:5909:5)
#33     Element.updateChild (package:flutter/src/widgets/framework.dart:3982:15)
#34     ComponentElement.performRebuild (package:flutter/src/widgets/framework.dart:5747:16)
#35     Element.rebuild (package:flutter/src/widgets/framework.dart:5435:7)
#36     ProxyElement.update (package:flutter/src/widgets/framework.dart:6051:5)
#37     Element.updateChild (package:flutter/src/widgets/framework.dart:3982:15)
#38     ComponentElement.performRebuild (package:flutter/src/widgets/framework.dart:5747:16)
#39     StatefulElement.performRebuild (package:flutter/src/widgets/framework.dart:5884:11)
#40     Element.rebuild (package:flutter/src/widgets/framework.dart:5435:7)
#41     StatefulElement.update (package:flutter/src/widgets/framework.dart:5909:5)
#42     Element.updateChild (package:flutter/src/widgets/framework.dart:3982:15)
#43     ComponentElement.performRebuild (package:flutter/src/widgets/framework.dart:5747:16)
#44     Element.rebuild (package:flutter/src/widgets/framework.dart:5435:7)
#45     ProxyElement.update (package:flutter/src/widgets/framework.dart:6051:5)
#46     Element.updateChild (package:flutter/src/widgets/framework.dart:3982:15)
#47     ComponentElement.performRebuild (package:flutter/src/widgets/framework.dart:5747:16)
#48     Element.rebuild (package:flutter/src/widgets/framework.dart:5435:7)
#49     ProxyElement.update (package:flutter/src/widgets/framework.dart:6051:5)
#50     Element.updateChild (package:flutter/src/widgets/framework.dart:3982:15)
#51     _RawViewElement._updateChild (package:flutter/src/widgets/view.dart:481:16)
#52     _RawViewElement.update (package:flutter/src/widgets/view.dart:568:5)
#53     Element.updateChild (package:flutter/src/widgets/framework.dart:3982:15)
#54     ComponentElement.performRebuild (package:flutter/src/widgets/framework.dart:5747:16)
#55     Element.rebuild (package:flutter/src/widgets/framework.dart:5435:7)
#56     StatelessElement.update (package:flutter/src/widgets/framework.dart:5797:5)
#57     Element.updateChild (package:flutter/src/widgets/framework.dart:3982:15)
#58     ComponentElement.performRebuild (package:flutter/src/widgets/framework.dart:5747:16)
#59     StatefulElement.performRebuild (package:flutter/src/widgets/framework.dart:5884:11)
#60     Element.rebuild (package:flutter/src/widgets/framework.dart:5435:7)
#61     StatefulElement.update (package:flutter/src/widgets/framework.dart:5909:5)
#62     Element.updateChild (package:flutter/src/widgets/framework.dart:3982:15)
#63     RootElement._rebuild (package:flutter/src/widgets/binding.dart:1716:16)
#64     RootElement.update (package:flutter/src/widgets/binding.dart:1694:5)
#65     RootElement.performRebuild (package:flutter/src/widgets/binding.dart:1708:7)
#66     Element.rebuild (package:flutter/src/widgets/framework.dart:5435:7)
#67     BuildScope._tryRebuild (package:flutter/src/widgets/framework.dart:2695:15)
#68     BuildScope._flushDirtyElements (package:flutter/src/widgets/framework.dart:2752:11)
#69     BuildOwner.buildScope (package:flutter/src/widgets/framework.dart:3056:18)
#70     AutomatedTestWidgetsFlutterBinding.drawFrame (package:flutter_test/src/binding.dart:1506:19)
#71     RendererBinding._handlePersistentFrameCallback (package:flutter/src/rendering/binding.dart:495:5)
#72     SchedulerBinding._invokeFrameCallback (package:flutter/src/scheduler/binding.dart:1434:15)
#73     SchedulerBinding.handleDrawFrame (package:flutter/src/scheduler/binding.dart:1347:9)
#74     AutomatedTestWidgetsFlutterBinding.pump.<anonymous closure> (package:flutter_test/src/binding.dart:1335:9)
#77     TestAsyncUtils.guard (package:flutter_test/src/test_async_utils.dart:74:41)
#78     AutomatedTestWidgetsFlutterBinding.pump (package:flutter_test/src/binding.dart:1324:27)
#79     WidgetTester.pumpWidget.<anonymous closure> (package:flutter_test/src/widget_tester.dart:598:22)
#82     TestAsyncUtils.guard (package:flutter_test/src/test_async_utils.dart:74:41)
#83     WidgetTester.pumpWidget (package:flutter_test/src/widget_tester.dart:595:27)
#84     main.<anonymous closure> (file:///C:/SystemWebMedias3.0/test/widget_test.dart:16:18)
#85     testWidgets.<anonymous closure>.<anonymous closure> (package:flutter_test/src/widget_tester.dart:192:29)
<asynchronous suspension>
#86     TestWidgetsFlutterBinding._runTestBody (package:flutter_test/src/binding.dart:1059:5)
<asynchronous suspension>
<asynchronous suspension>
(elided 5 frames from dart:async and package:stack_trace)

════════════════════════════════════════════════════════════════════════════════════════════════════
══╡ EXCEPTION CAUGHT BY FLUTTER TEST FRAMEWORK ╞════════════════════════════════════════════════════
The following TestFailure was thrown running a test:
Expected: exactly one matching candidate
  Actual: _TextWidgetFinder:<Found 0 widgets with text "0": []>
   Which: means none were found but one was expected

When the exception was thrown, this was the stack:
#4      main.<anonymous closure> (file:///C:/SystemWebMedias3.0/test/widget_test.dart:19:5)
<asynchronous suspension>
#5      testWidgets.<anonymous closure>.<anonymous closure> (package:flutter_test/src/widget_tester.dart:192:15)
<asynchronous suspension>
#6      TestWidgetsFlutterBinding._runTestBody (package:flutter_test/src/binding.dart:1059:5)
<asynchronous suspension>
<asynchronous suspension>
(elided one frame from package:stack_trace)

This was caught by the test expectation on the following line:
  file:///C:/SystemWebMedias3.0/test/widget_test.dart line 19
The test description was:
  Counter increments smoke test
════════════════════════════════════════════════════════════════════════════════════════════════════
══╡ EXCEPTION CAUGHT BY FLUTTER TEST FRAMEWORK ╞════════════════════════════════════════════════════
The following message was thrown:
Multiple exceptions (2) were detected during the running of the current test, and at least one was
unexpected.
════════════════════════════════════════════════════════════════════════════════════════════════════
00:08 +195 -1: C:/SystemWebMedias3.0/test/shared/design_system/organisms/app_sidebar_test.dart: AppSidebar Widget Tests should render collapsed sidebar
00:08 +195 -1: C:/SystemWebMedias3.0/test/widget_test.dart: Counter increments smoke test [E]
  Test failed. See exception logs above.
  The test description was: Counter increments smoke test
  
00:08 +196 -1: C:/SystemWebMedias3.0/test/shared/design_system/organisms/app_sidebar_test.dart: AppSidebar Widget Tests should render collapsed sidebar
══╡ EXCEPTION CAUGHT BY FLUTTER TEST FRAMEWORK ╞════════════════════════════════════════════════════
The following TestFailure was thrown running a test:
Expected: exactly one matching candidate
  Actual: _IconWidgetFinder:<Found 0 widgets with icon "IconData(U+0E34A)": []>
   Which: means none were found but one was expected

When the exception was thrown, this was the stack:
#4      main.<anonymous closure>.<anonymous closure> (file:///C:/SystemWebMedias3.0/test/shared/design_system/organisms/app_sidebar_test.dart:100:7)
<asynchronous suspension>
#5      testWidgets.<anonymous closure>.<anonymous closure> (package:flutter_test/src/widget_tester.dart:192:15)
<asynchronous suspension>
#6      TestWidgetsFlutterBinding._runTestBody (package:flutter_test/src/binding.dart:1059:5)
<asynchronous suspension>
<asynchronous suspension>
(elided one frame from package:stack_trace)

This was caught by the test expectation on the following line:
  file:///C:/SystemWebMedias3.0/test/shared/design_system/organisms/app_sidebar_test.dart line 100
The test description was:
  should render collapsed sidebar
════════════════════════════════════════════════════════════════════════════════════════════════════
00:08 +196 -2: C:/SystemWebMedias3.0/test/shared/design_system/organisms/app_header_test.dart: AppHeader Widget Tests should call onSettings when settings option is selected
00:08 +196 -2: C:/SystemWebMedias3.0/test/shared/design_system/organisms/app_sidebar_test.dart: AppSidebar Widget Tests should render collapsed sidebar [E]
  Test failed. See exception logs above.
  The test description was: should render collapsed sidebar
  
00:08 +197 -2: C:/SystemWebMedias3.0/test/shared/design_system/organisms/app_header_test.dart: AppHeader Widget Tests should call onSettings when settings option is selected
00:08 +198 -2: C:/SystemWebMedias3.0/test/shared/design_system/organisms/app_sidebar_test.dart: AppSidebar Widget Tests should expand submenu when parent is tapped
00:08 +199 -2: C:/SystemWebMedias3.0/test/shared/design_system/organisms/app_sidebar_test.dart: AppSidebar Widget Tests should expand submenu when parent is tapped
00:08 +200 -2: C:/SystemWebMedias3.0/test/shared/design_system/organisms/app_header_test.dart: AppHeader Widget Tests should display correct role badge color for ADMIN
00:08 +201 -2: C:/SystemWebMedias3.0/test/shared/design_system/organisms/app_sidebar_test.dart: AppSidebar Widget Tests should call onToggleCollapse when hamburger button is tapped
00:08 +202 -2: C:/SystemWebMedias3.0/test/shared/design_system/organisms/app_sidebar_test.dart: AppSidebar Widget Tests should call onToggleCollapse when hamburger button is tapped
00:09 +203 -2: C:/SystemWebMedias3.0/test/shared/design_system/organisms/app_header_test.dart: AppHeader Widget Tests should display user initials when no avatar
00:09 +204 -2: C:/SystemWebMedias3.0/test/shared/design_system/organisms/app_sidebar_test.dart: AppSidebar Widget Tests should call onNavigate when menu item is tapped
00:09 +205 -2: C:/SystemWebMedias3.0/test/shared/design_system/organisms/app_sidebar_test.dart: AppSidebar Widget Tests should call onNavigate when menu item is tapped
00:09 +206 -2: C:/SystemWebMedias3.0/test/shared/design_system/organisms/app_header_test.dart: AppHeader Widget Tests should call onNavigate when breadcrumb is clicked
00:09 +207 -2: C:/SystemWebMedias3.0/test/shared/design_system/organisms/app_sidebar_test.dart: AppSidebar Widget Tests should call onNavigate when submenu item is tapped
00:09 +208 -2: C:/SystemWebMedias3.0/test/shared/design_system/organisms/app_sidebar_test.dart: AppSidebar Widget Tests should show tooltip in collapsed mode
00:09 +209 -2: C:/SystemWebMedias3.0/test/shared/design_system/organisms/app_sidebar_test.dart: AppSidebar Widget Tests should animate expansion and collapse
00:09 +210 -2: C:/SystemWebMedias3.0/test/shared/design_system/organisms/app_sidebar_test.dart: AppSidebar Widget Tests should highlight submenu when active
00:09 +211 -2: Some tests failed.
